---
source: crates/tui/src/render/markdown.rs
expression: "render(\"see [the docs](https://example.io/guide)\", &theme())"
---
- spans:
    - text: "see "
      style:
        fg: Default
        bg: Default
        bold: false
        italic: false
        underline: false
      kind: Text
    - text: the docs
      style:
        fg: Default
        bg: Default
        bold: false
        italic: false
        underline: false
      kind: Text
    - text: " (https://example.io/guide)"
      style:
        fg: Default
        bg: Default
        bold: false
        italic: false
        underline: false
      kind: Text
