---
source: apps/engine-desktop/tests/desktop_tool_list_snapshot.rs
assertion_line: 32
expression: names
---
- Agent
- Artifact
- AskUserQuestion
- Bash
- Config
- CronCreate
- CronDelete
- CronList
- Edit
- EnterPlanMode
- EnterWorktree
- ExitPlanMode
- ExitWorktree
- Glob
- Grep
- LSP
- ListAgents
- MCP
- McpAuth
- Monitor
- NotebookEdit
- PowerShell
- PushNotification
- Read
- RemoteTrigger
- ReportFindings
- ScheduleWakeup
- SendMessage
- SendUserMessage
- Skill
- Sleep
- StructuredOutput
- TaskCreate
- TaskGet
- TaskList
- TaskOutput
- TaskStop
- TaskUpdate
- TeamCreate
- TeamDelete
- TodoWrite
- ToolSearch
- WaitForMcpServers
- WebFetch
- WebSearch
- Write
- computer
