---
source: apps/engine-desktop/tests/desktop_tool_list_snapshot.rs
expression: names
---
- Agent
- AskUserQuestion
- Bash
- Brief
- Config
- Edit
- EnterPlanMode
- EnterWorktree
- ExitPlanMode
- ExitWorktree
- Glob
- Grep
- LSP
- ListMcpResources
- MCP
- McpAuth
- NotebookEdit
- PowerShell
- REPL
- Read
- ReadMcpResource
- RemoteTrigger
- ScheduleCron
- SendMessage
- Skill
- Sleep
- SyntheticOutput
- TaskCreate
- TaskGet
- TaskList
- TaskOutput
- TaskStop
- TaskUpdate
- TeamCreate
- TeamDelete
- TodoWrite
- ToolSearch
- WebFetch
- WebSearch
- Write
