---
source: apps/engine-desktop/tests/desktop_tool_list_snapshot.rs
assertion_line: 32
expression: names
---
- Agent
- AskUserQuestion
- Bash
- Config
- CronCreate
- CronDelete
- CronList
- Edit
- EnterPlanMode
- EnterWorktree
- ExitPlanMode
- ExitWorktree
- Glob
- Grep
- LSP
- ListMcpResourcesTool
- MCP
- McpAuth
- MultiEdit
- NotebookEdit
- PowerShell
- REPL
- Read
- ReadMcpResourceTool
- RemoteTrigger
- ScheduleWakeup
- SendMessage
- SendUserMessage
- Skill
- Sleep
- StructuredOutput
- TaskCreate
- TaskGet
- TaskList
- TaskOutput
- TaskStop
- TaskUpdate
- TeamCreate
- TeamDelete
- TodoWrite
- ToolSearch
- WebFetch
- WebSearch
- Write
