---
source: tui/tests/render_resume_screen.rs
assertion_line: 35
expression: "&frame"
---

 Resume Session (1 of 3)

 > first session
   10 minutes ago · 5 messages
   second session
   11 minutes ago · 2 messages
   third session
   13 minutes ago · 1 message

 Type to search   ↑↓ select   Enter resume   Esc cancel
