---
source: tui/tests/snapshot_palette_completion.rs
expression: out
---
 . $0.0000 0% default
/copy – (unimplemented in v0.6.0)
/color – (unimplemented in v0.6.0)
/commit – (unimplemented in v0.6.0)
/config – Open settings
/compact – Free up context by summarizing the conversation
❯o/co 
❯
? for shortcuts     shift + ⏎ for newline
