---
source: tui/tests/snapshot_palette_completion.rs
assertion_line: 62
expression: out
---
/copy                  Copy Claude's last response to c…
/color                 Set the prompt bar color for thi…
/commit                Create a git commit
/config                Open settings
/compact               Free up context by summarizing t…
❯ /co 
❯
