---
source: crates/tui/tests/render_resume_screen.rs
expression: "&frame"
---

 Resume which session?

 > 1. first session  [1970-01-01T00:05:00Z]  (5 messages)
   2. second session  [1970-01-01T00:03:20Z]  (2 messages)
   3. third session  [1970-01-01T00:01:40Z]  (1 message)

 ╭───────────────────────────────────────────────────────╮
 │                                                       │
 │ Title:    first session                               │
 │ Session:  00000000-0000-0000-0000-000000000000        │
 │ Messages: (5 messages)                                │
 │ Modified: 1970-01-01T00:05:00Z                        │
 │                                                       │
 ╰───────────────────────────────────────────────────────╯

 Up/Down select   Enter resume   Esc cancel
